// Jest Snapshot v1, https://goo.gl/fbAQLP

exports[`renders correctly 1`] = `
<View
  forwardedRef={[Function]}
  style={
    Object {
      "opacity": 0,
      "position": "absolute",
      "top": -76,
      "transform": Array [
        Object {
          "translateY": 100,
        },
      ],
      "width": "100%",
    }
  }
  testID="reactionsPopup"
>
  <View
    style={
      Object {
        "backgroundColor": "#fefefe",
        "borderRadius": 12,
        "flexDirection": "row",
        "height": 60,
        "justifyContent": "space-evenly",
        "paddingHorizontal": 8,
      }
    }
  >
    <View
      accessible={true}
      collapsable={false}
      focusable={true}
      onBlur={[Function]}
      onClick={[Function]}
      onFocus={[Function]}
      onResponderGrant={[Function]}
      onResponderMove={[Function]}
      onResponderRelease={[Function]}
      onResponderTerminate={[Function]}
      onResponderTerminationRequest={[Function]}
      onStartShouldSetResponder={[Function]}
      style={
        Object {
          "alignItems": "stretch",
          "alignSelf": "stretch",
          "flex": 1,
          "height": 60,
          "justifyContent": "center",
          "textAlign": "center",
        }
      }
      testID="reaction-0"
    >
      <Text
        style={
          Object {
            "fontSize": 38,
            "lineHeight": 60,
            "textAlign": "center",
          }
        }
      >
        ♥️
      </Text>
    </View>
    <View
      accessible={true}
      collapsable={false}
      focusable={true}
      onBlur={[Function]}
      onClick={[Function]}
      onFocus={[Function]}
      onResponderGrant={[Function]}
      onResponderMove={[Function]}
      onResponderRelease={[Function]}
      onResponderTerminate={[Function]}
      onResponderTerminationRequest={[Function]}
      onStartShouldSetResponder={[Function]}
      style={
        Object {
          "alignItems": "stretch",
          "alignSelf": "stretch",
          "flex": 1,
          "height": 60,
          "justifyContent": "center",
          "textAlign": "center",
        }
      }
      testID="reaction-1"
    >
      <Text
        style={
          Object {
            "fontSize": 38,
            "lineHeight": 60,
            "textAlign": "center",
          }
        }
      >
        😄
      </Text>
    </View>
    <View
      accessible={true}
      collapsable={false}
      focusable={true}
      onBlur={[Function]}
      onClick={[Function]}
      onFocus={[Function]}
      onResponderGrant={[Function]}
      onResponderMove={[Function]}
      onResponderRelease={[Function]}
      onResponderTerminate={[Function]}
      onResponderTerminationRequest={[Function]}
      onStartShouldSetResponder={[Function]}
      style={
        Object {
          "alignItems": "stretch",
          "alignSelf": "stretch",
          "flex": 1,
          "height": 60,
          "justifyContent": "center",
          "textAlign": "center",
        }
      }
      testID="reaction-2"
    >
      <Text
        style={
          Object {
            "fontSize": 38,
            "lineHeight": 60,
            "textAlign": "center",
          }
        }
      >
        😂
      </Text>
    </View>
    <View
      accessible={true}
      collapsable={false}
      focusable={true}
      onBlur={[Function]}
      onClick={[Function]}
      onFocus={[Function]}
      onResponderGrant={[Function]}
      onResponderMove={[Function]}
      onResponderRelease={[Function]}
      onResponderTerminate={[Function]}
      onResponderTerminationRequest={[Function]}
      onStartShouldSetResponder={[Function]}
      style={
        Object {
          "alignItems": "stretch",
          "alignSelf": "stretch",
          "flex": 1,
          "height": 60,
          "justifyContent": "center",
          "textAlign": "center",
        }
      }
      testID="reaction-3"
    >
      <Text
        style={
          Object {
            "fontSize": 38,
            "lineHeight": 60,
            "textAlign": "center",
          }
        }
      >
        🤗
      </Text>
    </View>
    <View
      accessible={true}
      collapsable={false}
      focusable={true}
      onBlur={[Function]}
      onClick={[Function]}
      onFocus={[Function]}
      onResponderGrant={[Function]}
      onResponderMove={[Function]}
      onResponderRelease={[Function]}
      onResponderTerminate={[Function]}
      onResponderTerminationRequest={[Function]}
      onStartShouldSetResponder={[Function]}
      style={
        Object {
          "alignItems": "stretch",
          "alignSelf": "stretch",
          "flex": 1,
          "height": 60,
          "justifyContent": "center",
          "textAlign": "center",
        }
      }
      testID="reaction-4"
    >
      <Text
        style={
          Object {
            "fontSize": 38,
            "lineHeight": 60,
            "textAlign": "center",
          }
        }
      >
        😓
      </Text>
    </View>
  </View>
  <View
    style={
      Array [
        Object {
          "height": 40,
          "transform": Array [
            Object {
              "rotate": "0deg",
            },
          ],
          "width": 40,
        },
        Object {
          "bottom": -10,
          "left": 14,
          "position": "absolute",
          "zIndex": -1,
        },
      ]
    }
  >
    <View
      style={
        Array [
          Object {
            "backgroundColor": "transparent",
            "borderColor": "transparent",
            "borderLeftColor": "#eee",
            "borderLeftWidth": 20,
            "borderTopWidth": 20,
            "borderWidth": 0,
          },
          Object {
            "bottom": 0,
            "left": 0,
            "position": "absolute",
            "transform": Array [
              Object {
                "scale": -1,
              },
            ],
          },
        ]
      }
    />
    <View
      style={
        Array [
          Object {
            "backgroundColor": "transparent",
            "borderColor": "transparent",
            "borderLeftColor": "#eee",
            "borderLeftWidth": 20,
            "borderTopWidth": 20,
            "borderWidth": 0,
          },
          Object {
            "bottom": 0,
            "position": "absolute",
            "right": 0,
            "transform": Array [
              Object {
                "scaleY": -1,
              },
            ],
          },
        ]
      }
    />
  </View>
</View>
`;
